============================= test session starts =============================
platform win32 -- Python 3.13.4, pytest-9.0.3, pluggy-1.6.0 -- C:\Users\thars\Documents\THARSYS\ESTUDOS\Chatbot - IFS\04\projeto-chatbot-ifs\venv_python312_test\Scripts\python.exe
cachedir: .pytest_cache
rootdir: C:\Users\thars\Documents\THARSYS\ESTUDOS\Chatbot - IFS\04\projeto-chatbot-ifs
configfile: pytest.ini
plugins: anyio-4.13.0, langsmith-0.7.29, asyncio-1.3.0, cov-7.1.0, mock-3.15.1
asyncio: mode=Mode.STRICT, debug=False, asyncio_default_fixture_loop_scope=None, asyncio_default_test_loop_scope=function
collecting ... 
